[dinhduyvinh.id.vn/index.html]
[backblue.gif]
[fade.gif]
[index.html]
[dinhduyvinh.id.vn/assets/img/favicon.png]
[cdn.jsdelivr.net/npm/remixicon@2.5.0/fonts/remixicon.css]
[cdn-uicons.flaticon.com/uicons-bold-rounded/css/uicons-bold-rounded.css]
[cdn-uicons.flaticon.com/uicons-solid-rounded/css/uicons-solid-rounded.css]
[cdn-uicons.flaticon.com/uicons-brands/css/uicons-brands.css]
[dinhduyvinh.id.vn/assets/css/styles.css]
[cdn.jsdelivr.net/npm/disable-devtool@0.1.11/disable-devtool.min.js]
[dinhduyvinh.id.vn/npm/disable-devtool.min.js]
[i.imgur.com/x30GVSD.png]
[i.imgur.com/9KL7Ugv.jpg]
[i.imgur.com/lL3G0Ki.jpg]
[i.imgur.com/PGMBQp2.gif]
[i.imgur.com/7xoSIWL.jpg]
[i.imgur.com/BH2kcm6.jpg]
[i.imgur.com/KnsdSfm.png]
[i.imgur.com/24UEOLu.jpg]
[i.imgur.com/YVt03sV.jpg]
[i.imgur.com/eSE8Nws.jpg]
[i.imgur.com/rRVLLtE.png]
[dinhduyvinh.id.vn/game]
[i.imgur.com/Y4HF5li.jpg]
[dinhduyvinh.id.vn/assets/js/scrollreveal.min.js]
[dinhduyvinh.id.vn/assets/js/main.js]
[1.bp.blogspot.com/-qbWo9mPKO2Y/YL9utYdQBdI/AAAAAAAAFs4/mtjGu6u2uGwtJsT4gZG4lbhLV1a5lG6OQCLcBGAsYHQ/s0/mouse-f1.png]
[1.bp.blogspot.com/-nYv2dLl3oXY/YL9utYBCh8I/AAAAAAAAFtA/wII4lVw5w4k-4isGMY41heTqk8U4TJujgCLcBGAsYHQ/s0/mouse-f2.png]
[dinhduyvinh.id.vn/index.html]
[cdn.jsdelivr.net/gh/CDNSFree2/heartclick.js@main/heartclick.js]
[cdn.jsdelivr.net/npm/remixicon@2.5.0/fonts/remixicondf6d.eot]
[cdn.jsdelivr.net/npm/remixicon@2.5.0/fonts/remixicondf6d.woff2]
[cdn.jsdelivr.net/npm/remixicon@2.5.0/fonts/remixicondf6d.woff]
[cdn.jsdelivr.net/npm/remixicon@2.5.0/fonts/remixicondf6d.ttf]
[cdn.jsdelivr.net/npm/remixicon@2.5.0/fonts/remixicon.css]
[cdn-uicons.flaticon.com/uicons-bold-rounded/css/uicons-bold-rounded.css]
[cdn-uicons.flaticon.com/uicons-solid-rounded/css/uicons-solid-rounded.css]
[cdn-uicons.flaticon.com/uicons-brands/css/uicons-brands.css]
[dinhduyvinh.id.vn/assets/css/styles.css]
[dinhduyvinh.id.vn/npm/disable-devtool.min.html]
[cdn.jsdelivr.net/npm/remixicon@2.5.0/fonts/remixicondf6d.svg]
[i.imgur.com/rITcnqj.png]
[dinhduyvinh.id.vn/game/index.html]
[pro.fontawesome.com/releases/v5.10.0/css/all.css]
[cdnjs.cloudflare.com/ajax/libs/animate.css/3.5.2/animate.min.css]
[i.imgur.com/UMJIdMG.png]
[i.imgur.com/DmWi8p0.png]
[i.imgur.com/uCHgbpm.png]
[i.imgur.com/i5oqtxt.png]
[dinhduyvinh.id.vn/game/stick-hero.html]
[i.imgur.com/uYpLBaI.png]
[dinhduyvinh.id.vn/game/pacman.html]
[i.imgur.com/XN2vxP3.png]
[dinhduyvinh.id.vn/game/stack-game.html]
[i.imgur.com/04QTg28.png]
[dinhduyvinh.id.vn/game/2048.html]
[i.imgur.com/SAuqgjT.png]
[dinhduyvinh.id.vn/GameCaro]
[i.imgur.com/ZEKbaEl.png]
[dinhduyvinh.id.vn/chess]
[dinhduyvinh.id.vn/game]
[cdn.jsdelivr.net/npm/remixicon@2.5.0/fonts/remixicondf6d.svg]
[dinhduyvinh.id.vn/game/GameCaro]
[dinhduyvinh.id.vn/game/index.html]
[pro.fontawesome.com/releases/v5.10.0/css/all.css]
[cdnjs.cloudflare.com/ajax/libs/animate.css/3.5.2/animate.min.css]
[dinhduyvinh.id.vn/game/chess]
[dinhduyvinh.id.vn/game/stick-hero.html]
[platform.twitter.com/widgets.js]
[cdn.jsdelivr.net/npm/phaser@3.12/dist/phaser.js]
[raw.githubusercontent.com/kudchikarsk/phaser-pacman/master/assets/images/pacmansprites.png]
[raw.githubusercontent.com/kudchikarsk/phaser-pacman/master/assets/images/background.png]
[raw.githubusercontent.com/kudchikarsk/phaser-pacman/master/assets/images/pac man pill/spr_pill_0.png]
[raw.githubusercontent.com/kudchikarsk/phaser-pacman/master/assets/images/pac man life counter/spr_lifecounter_0.png]
[dinhduyvinh.id.vn/game/pacman.html]
[i.imgur.com/5v5M8gh.png]
[i.imgur.com/IXULuQ1.png]
[cdnjs.cloudflare.com/ajax/libs/three.js/r83/three.min.js]
[dinhduyvinh.id.vn/game/stack-game.html]
[dinhduyvinh.id.vn/game/2048.html]
[dinhduyvinh.id.vn/GameCaro.html]
[dinhduyvinh.id.vn/chess.html]
[cdnjs.cloudflare.com/ajax/libs/gsap/latest/TweenMax.min.js]
[dinhduyvinh.id.vn/game/image/logo.png]
[dinhduyvinh.id.vn/game/document/style.css]
[dinhduyvinh.id.vn/game/sound/win.mp3]
[dinhduyvinh.id.vn/game/sound/click.mp3]
[dinhduyvinh.id.vn/game/sound/draw.mp3]
[dinhduyvinh.id.vn/game/document/app.js]
[dinhduyvinh.id.vn/game/GameCaro]
[dinhduyvinh.id.vn/game/style.css]
[dinhduyvinh.id.vn/game/typescript.js]
[dinhduyvinh.id.vn/game/chess]
[www.blogger.com/img/widgets/stats-flipper.png]
[resources.blogblog.com/img/widgets/s_top.png]
[www.blogger.com/static/v1/widgets/55013136-widget_css_bundle.css]
[dinhduyvinh.id.vn/game/image/logo.html]
[dinhduyvinh.id.vn/game/document/style.html]
[dinhduyvinh.id.vn/game/sound/win.html]
[dinhduyvinh.id.vn/game/sound/click.html]
[dinhduyvinh.id.vn/game/sound/draw.html]
[dinhduyvinh.id.vn/game/document/app.html]
[dinhduyvinh.id.vn/game/style.html]
[dinhduyvinh.id.vn/game/typescript.html]
